[
	{
		"logicalClassName": "複数定義・定義毎単一コンテンツ①",
		"className": "Sample",
		"package": "com.purejadeite.generated",
		"imports": [
			"JAVA.IO.SERIALIZABLE",
			"JAVA.UTIL.LIST",
			"JAVA.UTIL.ARRAYLIST",
			"COM.PUREJADEITE.GENERATED.LINEBEAN"
        ],
		"fields": [
			{
				"logicalFieldName": "ファイル有無フラグ",
				"fieldName": "fileExistFlag",
				"method": "FileExistFlag",
				"static": "FILE_EXIST_FLAG",
				"type": "Boolean",
				"initial": "Boolean.TRUE"
			},
			{
				"logicalFieldName": "ファイル名",
				"fieldName": "fileName",
				"method": "FileName",
				"static": "FILE_NAME",
				"type": "String",
				"initial": "null"
			},
			{
				"logicalFieldName": "ファイル名日本語",
				"fieldName": "fileNameJp",
				"method": "FileNameJp",
				"static": "FILE_NAME_JP",
				"type": "String",
				"initial": "null"
			},
			{
				"logicalFieldName": "ファイルパス",
				"fieldName": "filePath",
				"method": "FilePath",
				"static": "FILE_PATH",
				"type": "String",
				"initial": null
			},
			{
				"logicalFieldName": "行情報",
				"fieldName": "lines",
				"method": "Lines",
				"static": "LINES",
				"type": "List<LineBean>",
				"initial": "new ArrayList<>()"
			}
		]
	}
]