[
	[
		{
			"logicalFieldName": "ファイル有無フラグ",
			"fieldName": "fileExistFlag",
			"type": "Boolean",
			"initial": "Boolean.TRUE"
		},
		{
			"logicalFieldName": "ファイル名",
			"fieldName": "fileName",
			"type": "String",
			"initial": "null"
		},
		{
			"logicalFieldName": "ファイル名日本語",
			"fieldName": "fileNameJp",
			"type": "String",
			"initial": "null"
		},
		{
			"logicalFieldName": "ファイルパス",
			"fieldName": "filePath",
			"type": "String",
			"initial": null
		},
		{
			"logicalFieldName": "行情報",
			"fieldName": "lines",
			"type": "List<LineBean>",
			"initial": "new ArrayList<>()"
		}
	]
]