[
    {
        "className": "Sample",
        "imports": [
            "java.io.Serializable",
            "java.util.ArrayList",
            "java.util.List",
            "com.purejadeite.generated.LineBean",
            "java.util.HashMap",
            "java.util.Map"
        ],
        "lang": "ja",
        "logicalClassName": "単一定義・単一コンテンツ",
        "package": "com.purejadeite.generated",
        "fields": [
            {
                "fieldName": "fileExistFlag",
                "initial": "Boolean.TRUE",
                "logicalFieldName": "ファイル有無フラグ",
                "type": "Boolean"
            },
            {
                "fieldName": "fileName",
                "initial": "null",
                "logicalFieldName": "ファイル名",
                "type": "String"
            },
            {
                "fieldName": "fileNameJp",
                "initial": "null",
                "logicalFieldName": "ファイル名日本語",
                "type": "String"
            },
            {
                "fieldName": "filePath",
                "initial": null,
                "logicalFieldName": "ファイルパス",
                "type": "String"
            },
            {
                "fieldName": "lines",
                "initial": "new ArrayList<>()",
                "logicalFieldName": "行情報",
                "type": "List<LineBean>"
            },
            {
                "fieldName": "map",
                "initial": "new HashMap<>()",
                "logicalFieldName": "行情報マップ",
                "type": "Map<String, LineBean>"
            }
        ]
    }
]